
> my-agency@0.1.0 build
> next build

 ⚠ Warning: Found multiple lockfiles. Selecting /app/package-lock.json.
   Consider removing the lockfiles at:
   * /app/my-agency/package-lock.json

   ▲ Next.js 15.4.5

   Creating an optimized production build ...
 ✓ Compiled successfully in 6.0s
   Linting and checking validity of types ...

./src/components/Header.tsx
1:8  Warning: 'Link' is defined but never used.  @typescript-eslint/no-unused-vars

info  - Need to disable some ESLint rules? Learn more here: https://nextjs.org/docs/app/api-reference/config/eslint#disabling-rules
   Collecting page data ...
   Generating static pages (0/5) ...
   Generating static pages (1/5)
   Generating static pages (2/5)
   Generating static pages (3/5)
 ✓ Generating static pages (5/5)
   Finalizing page optimization ...
   Collecting build traces ...

Route (app)                                 Size  First Load JS
┌ ○ /                                    37.4 kB         137 kB
└ ○ /_not-found                            990 B         101 kB
+ First Load JS shared by all            99.6 kB
  ├ chunks/4bd1b696-cf72ae8a39fa05aa.js  54.1 kB
  ├ chunks/964-02efbd2195ef91bd.js       43.5 kB
  └ other shared chunks (total)           1.9 kB


○  (Static)  prerendered as static content
